[olympusnotify.org/index.html]
[backblue.gif]
[fade.gif]
[index.html]
[i0.wp.com/olympusnotify.org/wp-content/uploads/2023/02/cropped-asdd1ad.png]
[olympusnotify.org/feed/index.html]
[olympusnotify.org/comments/feed/index.html]
[i0.wp.com/olympusnotify.org/wp-content/uploads/2023/02/Untitl55-removebg-preview-1bfed.png]
[i0.wp.com/olympusnotify.org/wp-content/uploads/2023/02/Unsdtitled-28d70.png]
[i0.wp.com/olympusnotify.org/wp-content/uploads/2023/02/Untitled_design__5_-removebg-preview3a9e.png]
[olympusnotify.org/wp-content/plugins/elementor/assets/lib/font-awesome/js/v4-shims.mina44d.js]
[olympusnotify.org/wp-json/index.html]
[olympusnotify.org/wp-json/wp/v2/pages/1318.json]
[olympusnotify.org/xmlrpc0db0.php]
[olympusnotify.org/wp-json/oembed/1.0/embedffe0.json]
[olympusnotify.org/wp-json/oembed/1.0/embede26d]
[i0.wp.com/olympusnotify.org/wp-content/uploads/2023/02/unnamed-1e43b.png]
[i0.wp.com/olympusnotify.org/wp-content/uploads/2023/02/unnamed-17d5e.png]
[olympusnotify.org/wp-content/uploads/2023/02/cropped-asd-296x111.png]
[i0.wp.com/olympusnotify.org/wp-content/uploads/2023/02/8DC6C9E3-E058-448C-A4F7-BE620C1B8DA2465b.png]
[i0.wp.com/olympusnotify.org/wp-content/uploads/2023/02/0FCC6436-AB01-4312-BA09-954A53DCBABA465b.png]
[i0.wp.com/olympusnotify.org/wp-content/uploads/2023/02/E5F3668C-BB6B-4737-AB52-F0AD3F30CF3C465b.png]
[i0.wp.com/olympusnotify.org/wp-content/uploads/2023/02/Unassssti123tledf1a5.png]
[olympusnotify.org/wp-content/themes/astra/assets/js/minified/frontend.min31a4.js]
[olympusnotify.org/wp-content/plugins/jetpack/jetpack_vendor/automattic/jetpack-image-cdn/dist/image-cdndca9.js]
[stats.wp.com/e-202324.js]
[olympusnotify.org/wp-content/plugins/elementor/assets/js/webpack.runtime.mina44d.js]
[olympusnotify.org/wp-includes/js/jquery/jquery.min5aed.js]
[olympusnotify.org/wp-includes/js/jquery/jquery-migrate.min6b00.js]
[olympusnotify.org/wp-content/plugins/elementor/assets/js/frontend-modules.mina44d.js]
[olympusnotify.org/wp-content/plugins/elementor/assets/lib/waypoints/waypoints.min05da.js]
[olympusnotify.org/wp-includes/js/jquery/ui/core.min3f14.js]
[olympusnotify.org/wp-content/plugins/elementor/assets/js/frontend.mina44d.js]
[olympusnotify.org/wp-includes/js/underscore.mind584.js]
[olympusnotify.org/wp-includes/js/wp-util.min3781.js]
[olympusnotify.org/wp-content/plugins/wpforms-lite/assets/js/integrations/elementor/frontend.mine6a2.js]
[olympusnotify.org/index.html]
[olympusnotify.org/wp-content/themes/astra/assets/css/minified/main.min31a4.css]
[olympusnotify.org/wp-includes/css/dist/block-library/style.min3781.css]
[olympusnotify.org/wp-content/plugins/jetpack/jetpack_vendor/automattic/jetpack-videopress/build/block-editor/blocks/video/view1eec.css]
[olympusnotify.org/wp-includes/js/mediaelement/mediaelementplayer-legacy.min1f61.css]
[olympusnotify.org/wp-includes/js/mediaelement/wp-mediaelement.min3781.css]
[olympusnotify.org/wp-content/plugins/elementor/assets/lib/eicons/fonts/eiconsb732.eot]
[olympusnotify.org/wp-content/plugins/elementor/assets/lib/eicons/fonts/eiconsb732.woff2]
[olympusnotify.org/wp-content/plugins/elementor/assets/lib/eicons/fonts/eiconsb732.woff]
[olympusnotify.org/wp-content/plugins/elementor/assets/lib/eicons/fonts/eiconsb732.ttf]
[olympusnotify.org/wp-content/plugins/elementor/assets/lib/eicons/css/elementor-icons.minfc13.css]
[olympusnotify.org/wp-content/plugins/elementor/assets/css/frontend-lite.mina44d.css]
[olympusnotify.org/wp-content/plugins/elementor/assets/lib/swiper/css/swiper.min48f5.css]
[olympusnotify.org/wp-content/plugins/elementor/assets/lib/font-awesome/webfonts/fa-brands-400.eot]
[olympusnotify.org/wp-content/plugins/elementor/assets/lib/font-awesome/webfonts/fa-brands-400d41d.eot]
[olympusnotify.org/wp-content/plugins/elementor/assets/lib/font-awesome/webfonts/fa-brands-400.woff2]
[olympusnotify.org/wp-content/plugins/elementor/assets/lib/font-awesome/webfonts/fa-brands-400.woff]
[olympusnotify.org/wp-content/plugins/elementor/assets/lib/font-awesome/webfonts/fa-brands-400.ttf]
[olympusnotify.org/wp-content/plugins/elementor/assets/lib/font-awesome/webfonts/fa-regular-400.eot]
[olympusnotify.org/wp-content/plugins/elementor/assets/lib/font-awesome/webfonts/fa-regular-400d41d.eot]
[olympusnotify.org/wp-content/plugins/elementor/assets/lib/font-awesome/webfonts/fa-regular-400.woff2]
[olympusnotify.org/wp-content/plugins/elementor/assets/lib/font-awesome/webfonts/fa-regular-400.woff]
[olympusnotify.org/wp-content/plugins/elementor/assets/lib/font-awesome/webfonts/fa-regular-400.ttf]
[olympusnotify.org/wp-content/plugins/elementor/assets/lib/font-awesome/webfonts/fa-solid-900.eot]
[olympusnotify.org/wp-content/plugins/elementor/assets/lib/font-awesome/webfonts/fa-solid-900d41d.eot]
[olympusnotify.org/wp-content/plugins/elementor/assets/lib/font-awesome/webfonts/fa-solid-900.woff2]
[olympusnotify.org/wp-content/plugins/elementor/assets/lib/font-awesome/webfonts/fa-solid-900.woff]
[olympusnotify.org/wp-content/plugins/elementor/assets/lib/font-awesome/webfonts/fa-solid-900.ttf]
[olympusnotify.org/wp-content/plugins/elementor/assets/lib/font-awesome/css/all.mina44d.css]
[olympusnotify.org/wp-content/plugins/elementor/assets/lib/font-awesome/css/v4-shims.mina44d.css]
[olympusnotify.org/wp-content/plugins/elementor/assets/lib/font-awesome/css/fontawesome.min52d5.css]
[olympusnotify.org/wp-content/plugins/elementor/assets/lib/font-awesome/css/solid.min52d5.css]
[olympusnotify.org/wp-content/plugins/elementor/assets/lib/font-awesome/css/regular.min52d5.css]
[olympusnotify.org/wp-content/plugins/jetpack/modules/shortcodes/img/slideshow-controls.png]
[olympusnotify.org/wp-content/plugins/jetpack/modules/shortcodes/img/slideshow-controls-2x.png]
[olympusnotify.org/wp-content/plugins/jetpack/modules/shortcodes/images/slide-nav.png]
[olympusnotify.org/wp-content/plugins/jetpack/modules/shortcodes/images/expand.png]
[olympusnotify.org/wp-content/plugins/jetpack/modules/shortcodes/images/collapse.png]
[secure.gravatar.com/images/grav-share-sprite.png]
[olympusnotify.org/wp-content/plugins/jetpack/css/jetpackc5c8.css]
[olympusnotify.org/wp-includes/wlwmanifest.html]
[olympusnotify.org/wp-content/plugins/elementor/assets/css/widget-icon-box.min.css]
[olympusnotify.org/wp-content/plugins/elementor/assets/lib/animations/animations.mina44d.css]
[olympusnotify.org/wp-includes/js/mediaelement/mejs-controls.svg]
[olympusnotify.org/wp-content/plugins/elementor/assets/lib/eicons/fonts/eiconsb732.svg]
[olympusnotify.org/wp-content/plugins/elementor/assets/lib/font-awesome/webfonts/fa-brands-400.svg]
[olympusnotify.org/wp-content/plugins/elementor/assets/lib/font-awesome/webfonts/fa-regular-400.svg]
[olympusnotify.org/wp-content/plugins/elementor/assets/lib/font-awesome/webfonts/fa-solid-900.svg]
